C51 COMPILER V8.05a   7SEGDISP                                                             09/23/2013 22:14:29 PAGE 1   


C51 COMPILER V8.05a, COMPILATION OF MODULE 7SEGDISP
OBJECT MODULE PLACED IN 7segdisp.obj
COMPILER INVOKED BY: D:\Keil\C51\BIN\C51.EXE board\src\7segdisp.c BROWSE INCDIR(.\include) DEBUG OBJECTEXTEND PRINT(.\7s
                    -egdisp.lst) OBJECT(7segdisp.obj)

line level    source

   1          #include "global.h"
   2          
   3          void DispInit()
   4          {
   5   1              DISP1 = 0x00;
   6   1              DISP2 = 0x00;
   7   1       
   8   1              System.SegDisp.DispLookUpTable[0] = 0xC0;
   9   1              System.SegDisp.DispLookUpTable[1] = 0xF9;
  10   1              System.SegDisp.DispLookUpTable[2] = 0xA4;
  11   1              System.SegDisp.DispLookUpTable[3] = 0xB0;
  12   1              System.SegDisp.DispLookUpTable[4] = 0x99;
  13   1              System.SegDisp.DispLookUpTable[5] = 0x92;
  14   1              System.SegDisp.DispLookUpTable[6] = 0x82;
  15   1              System.SegDisp.DispLookUpTable[7] = 0xF8;
  16   1              System.SegDisp.DispLookUpTable[8] = 0x80;
  17   1      
  18   1      
  19   1              SegDispClear();
  20   1      }
  21          
  22          void SegDisp1(UC ucmDispChar)
  23          {
  24   1              DISP1 = System.SegDisp.DispLookUpTable[ucmDispChar];
  25   1      }
  26          
  27          void SegDisp2(UC ucmDispChar)
  28          {
  29   1              DISP2 = System.SegDisp.DispLookUpTable[ucmDispChar];
  30   1      }
  31          
  32          void SegDispClear()
  33          {
  34   1              SegDisp1(0);
  35   1              SegDisp2(0);
  36   1      }


MODULE INFORMATION:   STATIC OVERLAYABLE
   CODE SIZE        =     59    ----
   CONSTANT SIZE    =   ----    ----
   XDATA SIZE       =   ----    ----
   PDATA SIZE       =   ----    ----
   DATA SIZE        =   ----    ----
   IDATA SIZE       =   ----    ----
   BIT SIZE         =   ----    ----
END OF MODULE INFORMATION.


C51 COMPILATION COMPLETE.  0 WARNING(S),  0 ERROR(S)
