C51 COMPILER V8.05a   IO                                                                   09/23/2013 22:14:29 PAGE 1   


C51 COMPILER V8.05a, COMPILATION OF MODULE IO
OBJECT MODULE PLACED IN io.obj
COMPILER INVOKED BY: D:\Keil\C51\BIN\C51.EXE board\src\io.c BROWSE INCDIR(.\include) DEBUG OBJECTEXTEND PRINT(.\io.lst) 
                    -OBJECT(io.obj)

line level    source

   1          #include "global.h"
   2          
   3          void IoInit()
   4          {
   5   1              FIRE_LED                = OUTPUT_PIN;
   6   1              FIRE_RELAY              = OUTPUT_PIN;
   7   1              SYSTEM_START    = OUTPUT_PIN; 
   8   1              MAX485_TX               = OUTPUT_PIN; 
   9   1      
  10   1              KEYPAD                  = INPUT_PORT;
  11   1              ACCEPT_SW               = INPUT_PIN;                
  12   1      }


MODULE INFORMATION:   STATIC OVERLAYABLE
   CODE SIZE        =     14    ----
   CONSTANT SIZE    =   ----    ----
   XDATA SIZE       =   ----    ----
   PDATA SIZE       =   ----    ----
   DATA SIZE        =   ----    ----
   IDATA SIZE       =   ----    ----
   BIT SIZE         =   ----    ----
END OF MODULE INFORMATION.


C51 COMPILATION COMPLETE.  0 WARNING(S),  0 ERROR(S)
